AR shiftregister behavioral "C:/Users/Emre Erdemoglu/Desktop/EEE102Project/SimonSaysV8/ShiftRegister.vhd" sub00/vhpl07 1450642556
AR userinputstage behavioral "C:/Users/Emre Erdemoglu/Desktop/EEE102Project/SimonSaysV8/UserInputStage.vhd" sub00/vhpl21 1450642570
AR gameover behavioral "C:/Users/Emre Erdemoglu/Desktop/EEE102Project/SimonSaysV8/gameOver.vhd" sub00/vhpl09 1450642558
AR vga_driver behavioral "C:/Users/Emre Erdemoglu/Desktop/EEE102Project/SimonSaysV8/VGADriver.vhd" sub00/vhpl25 1450642574
EN buttoninterfaceclock NULL "C:/Users/Emre Erdemoglu/Desktop/EEE102Project/SimonSaysV8/buttonInterfaceClock.vhd" sub00/vhpl00 1450642549
EN userinputstage NULL "C:/Users/Emre Erdemoglu/Desktop/EEE102Project/SimonSaysV8/UserInputStage.vhd" sub00/vhpl20 1450642569
AR displayclkdiv behavioral "C:/Users/Emre Erdemoglu/Desktop/EEE102Project/SimonSaysV8/DisplayCounter.vhd" sub00/vhpl03 1450642552
EN shiftregister NULL "C:/Users/Emre Erdemoglu/Desktop/EEE102Project/SimonSaysV8/ShiftRegister.vhd" sub00/vhpl06 1450642555
EN displayseqstage NULL "C:/Users/Emre Erdemoglu/Desktop/EEE102Project/SimonSaysV8/DisplaySeqStage.vhd" sub00/vhpl18 1450642567
EN endgamestage NULL "C:/Users/Emre Erdemoglu/Desktop/EEE102Project/SimonSaysV8/EndGameStage.vhd" sub00/vhpl22 1450642571
AR usersequencecombiner behavioral "C:/Users/Emre Erdemoglu/Desktop/EEE102Project/SimonSaysV8/UserSequenceCombiner.vhd" sub00/vhpl13 1450642562
AR buttoninterfaceclock behavioral "C:/Users/Emre Erdemoglu/Desktop/EEE102Project/SimonSaysV8/buttonInterfaceClock.vhd" sub00/vhpl01 1450642550
AR sequencer behavioral "C:/Users/Emre Erdemoglu/Desktop/EEE102Project/SimonSaysV8/sequencer.vhd" sub00/vhpl05 1450642554
EN vga_driver NULL "C:/Users/Emre Erdemoglu/Desktop/EEE102Project/SimonSaysV8/VGADriver.vhd" sub00/vhpl24 1450642573
AR endgamestage behavioral "C:/Users/Emre Erdemoglu/Desktop/EEE102Project/SimonSaysV8/EndGameStage.vhd" sub00/vhpl23 1450642572
AR displaysequence behavioral "C:/Users/Emre Erdemoglu/Desktop/EEE102Project/SimonSaysV8/DisplaySequence.vhd" sub00/vhpl17 1450642566
AR simontop behavioral "C:/Users/Emre Erdemoglu/Desktop/EEE102Project/SimonSaysV8/SimonTop.vhd" sub00/vhpl27 1450642576
EN usersequencecombiner NULL "C:/Users/Emre Erdemoglu/Desktop/EEE102Project/SimonSaysV8/UserSequenceCombiner.vhd" sub00/vhpl12 1450642561
EN displayclkdiv NULL "C:/Users/Emre Erdemoglu/Desktop/EEE102Project/SimonSaysV8/DisplayCounter.vhd" sub00/vhpl02 1450642551
EN displaysequence NULL "C:/Users/Emre Erdemoglu/Desktop/EEE102Project/SimonSaysV8/DisplaySequence.vhd" sub00/vhpl16 1450642565
EN userbuttoninterface NULL "C:/Users/Emre Erdemoglu/Desktop/EEE102Project/SimonSaysV8/UserButtonInterface.vhd" sub00/vhpl10 1450642559
EN comparator NULL "C:/Users/Emre Erdemoglu/Desktop/EEE102Project/SimonSaysV8/Comparator.vhd" sub00/vhpl14 1450642563
EN simontop NULL "C:/Users/Emre Erdemoglu/Desktop/EEE102Project/SimonSaysV8/SimonTop.vhd" sub00/vhpl26 1450642575
AR userbuttoninterface behavioral "C:/Users/Emre Erdemoglu/Desktop/EEE102Project/SimonSaysV8/UserButtonInterface.vhd" sub00/vhpl11 1450642560
AR comparator behavioral "C:/Users/Emre Erdemoglu/Desktop/EEE102Project/SimonSaysV8/Comparator.vhd" sub00/vhpl15 1450642564
AR displayseqstage behavioral "C:/Users/Emre Erdemoglu/Desktop/EEE102Project/SimonSaysV8/DisplaySeqStage.vhd" sub00/vhpl19 1450642568
EN gameover NULL "C:/Users/Emre Erdemoglu/Desktop/EEE102Project/SimonSaysV8/gameOver.vhd" sub00/vhpl08 1450642557
EN sequencer NULL "C:/Users/Emre Erdemoglu/Desktop/EEE102Project/SimonSaysV8/sequencer.vhd" sub00/vhpl04 1450642553
