V3 55
FL "C:/Users/Emre Erdemoglu/Desktop/EEE102Project/SimonSaysV8/buttonInterfaceClock.vhd" 2015/12/19.21:25:12 M.81d
EN work/buttonInterfaceClock 1450642549 \
      FL "C:/Users/Emre Erdemoglu/Desktop/EEE102Project/SimonSaysV8/buttonInterfaceClock.vhd" \
      PB ieee/std_logic_1164 1290154108 PB ieee/NUMERIC_STD 1290154109 \
      PB ieee/std_logic_arith 1290154109 PB ieee/STD_LOGIC_UNSIGNED 1290154110
AR work/buttonInterfaceClock/Behavioral 1450642550 \
      FL "C:/Users/Emre Erdemoglu/Desktop/EEE102Project/SimonSaysV8/buttonInterfaceClock.vhd" \
      EN work/buttonInterfaceClock 1450642549
FL "C:/Users/Emre Erdemoglu/Desktop/EEE102Project/SimonSaysV8/Comparator.vhd" 2015/12/20.21:22:41 M.81d
EN work/Comparator 1450642563 \
      FL "C:/Users/Emre Erdemoglu/Desktop/EEE102Project/SimonSaysV8/Comparator.vhd" \
      PB ieee/std_logic_1164 1290154108 PB ieee/NUMERIC_STD 1290154109
AR work/Comparator/Behavioral 1450642564 \
      FL "C:/Users/Emre Erdemoglu/Desktop/EEE102Project/SimonSaysV8/Comparator.vhd" \
      EN work/Comparator 1450642563
FL "C:/Users/Emre Erdemoglu/Desktop/EEE102Project/SimonSaysV8/DisplayCounter.vhd" 2015/12/20.12:01:16 M.81d
EN work/DisplayClkDiv 1450642551 \
      FL "C:/Users/Emre Erdemoglu/Desktop/EEE102Project/SimonSaysV8/DisplayCounter.vhd" \
      PB ieee/std_logic_1164 1290154108 PB ieee/NUMERIC_STD 1290154109
AR work/DisplayClkDiv/Behavioral 1450642552 \
      FL "C:/Users/Emre Erdemoglu/Desktop/EEE102Project/SimonSaysV8/DisplayCounter.vhd" \
      EN work/DisplayClkDiv 1450642551
FL "C:/Users/Emre Erdemoglu/Desktop/EEE102Project/SimonSaysV8/DisplaySeqStage.vhd" 2015/12/20.14:46:03 M.81d
EN work/DisplaySeqStage 1450642567 \
      FL "C:/Users/Emre Erdemoglu/Desktop/EEE102Project/SimonSaysV8/DisplaySeqStage.vhd" \
      PB ieee/std_logic_1164 1290154108 PB ieee/NUMERIC_STD 1290154109 \
      PB ieee/STD_LOGIC_UNSIGNED 1290154110 PB ieee/std_logic_arith 1290154109
AR work/DisplaySeqStage/Behavioral 1450642568 \
      FL "C:/Users/Emre Erdemoglu/Desktop/EEE102Project/SimonSaysV8/DisplaySeqStage.vhd" \
      EN work/DisplaySeqStage 1450642567 CP DisplaySequence
FL "C:/Users/Emre Erdemoglu/Desktop/EEE102Project/SimonSaysV8/DisplaySequence.vhd" 2015/12/20.18:27:35 M.81d
EN work/DisplaySequence 1450642565 \
      FL "C:/Users/Emre Erdemoglu/Desktop/EEE102Project/SimonSaysV8/DisplaySequence.vhd" \
      PB ieee/std_logic_1164 1290154108 PB ieee/NUMERIC_STD 1290154109 \
      PB ieee/STD_LOGIC_UNSIGNED 1290154110 PB ieee/std_logic_arith 1290154109
AR work/DisplaySequence/Behavioral 1450642566 \
      FL "C:/Users/Emre Erdemoglu/Desktop/EEE102Project/SimonSaysV8/DisplaySequence.vhd" \
      EN work/DisplaySequence 1450642565 CP DisplayClkDiv CP sequencer \
      CP ShiftRegister
FL "C:/Users/Emre Erdemoglu/Desktop/EEE102Project/SimonSaysV8/EndGameStage.vhd" 2015/12/20.22:15:46 M.81d
EN work/EndGameStage 1450642571 \
      FL "C:/Users/Emre Erdemoglu/Desktop/EEE102Project/SimonSaysV8/EndGameStage.vhd" \
      PB ieee/std_logic_1164 1290154108 PB ieee/NUMERIC_STD 1290154109 \
      PB ieee/STD_LOGIC_UNSIGNED 1290154110 PB ieee/std_logic_arith 1290154109
AR work/EndGameStage/Behavioral 1450642572 \
      FL "C:/Users/Emre Erdemoglu/Desktop/EEE102Project/SimonSaysV8/EndGameStage.vhd" \
      EN work/EndGameStage 1450642571 CP gameOver
FL "C:/Users/Emre Erdemoglu/Desktop/EEE102Project/SimonSaysV8/gameOver.vhd" 2015/12/20.22:14:37 M.81d
EN work/gameOver 1450642557 \
      FL "C:/Users/Emre Erdemoglu/Desktop/EEE102Project/SimonSaysV8/gameOver.vhd" \
      PB ieee/std_logic_1164 1290154108 PB ieee/NUMERIC_STD 1290154109
AR work/gameOver/Behavioral 1450642558 \
      FL "C:/Users/Emre Erdemoglu/Desktop/EEE102Project/SimonSaysV8/gameOver.vhd" \
      EN work/gameOver 1450642557
FL "C:/Users/Emre Erdemoglu/Desktop/EEE102Project/SimonSaysV8/sequencer.vhd" 2015/12/20.13:08:50 M.81d
EN work/sequencer 1450642553 \
      FL "C:/Users/Emre Erdemoglu/Desktop/EEE102Project/SimonSaysV8/sequencer.vhd" \
      PB ieee/std_logic_1164 1290154108 PB ieee/NUMERIC_STD 1290154109
AR work/sequencer/Behavioral 1450642554 \
      FL "C:/Users/Emre Erdemoglu/Desktop/EEE102Project/SimonSaysV8/sequencer.vhd" \
      EN work/sequencer 1450642553
FL "C:/Users/Emre Erdemoglu/Desktop/EEE102Project/SimonSaysV8/ShiftRegister.vhd" 2015/12/20.03:42:26 M.81d
EN work/ShiftRegister 1450642555 \
      FL "C:/Users/Emre Erdemoglu/Desktop/EEE102Project/SimonSaysV8/ShiftRegister.vhd" \
      PB ieee/std_logic_1164 1290154108 PB ieee/NUMERIC_STD 1290154109
AR work/ShiftRegister/Behavioral 1450642556 \
      FL "C:/Users/Emre Erdemoglu/Desktop/EEE102Project/SimonSaysV8/ShiftRegister.vhd" \
      EN work/ShiftRegister 1450642555
FL "C:/Users/Emre Erdemoglu/Desktop/EEE102Project/SimonSaysV8/SimonTop.vhd" 2015/12/20.19:51:46 M.81d
EN work/SimonTop 1450642575 \
      FL "C:/Users/Emre Erdemoglu/Desktop/EEE102Project/SimonSaysV8/SimonTop.vhd" \
      PB ieee/std_logic_1164 1290154108 PB ieee/NUMERIC_STD 1290154109 \
      PB ieee/STD_LOGIC_UNSIGNED 1290154110 PB ieee/std_logic_arith 1290154109
AR work/SimonTop/Behavioral 1450642576 \
      FL "C:/Users/Emre Erdemoglu/Desktop/EEE102Project/SimonSaysV8/SimonTop.vhd" \
      EN work/SimonTop 1450642575 CP DisplaySeqStage CP UserInputStage \
      CP EndGameStage CP VGA_Driver
FL "C:/Users/Emre Erdemoglu/Desktop/EEE102Project/SimonSaysV8/UserButtonInterface.vhd" 2015/12/17.19:48:54 M.81d
EN work/UserButtonInterface 1450642559 \
      FL "C:/Users/Emre Erdemoglu/Desktop/EEE102Project/SimonSaysV8/UserButtonInterface.vhd" \
      PB ieee/std_logic_1164 1290154108 PB ieee/NUMERIC_STD 1290154109
AR work/UserButtonInterface/Behavioral 1450642560 \
      FL "C:/Users/Emre Erdemoglu/Desktop/EEE102Project/SimonSaysV8/UserButtonInterface.vhd" \
      EN work/UserButtonInterface 1450642559
FL "C:/Users/Emre Erdemoglu/Desktop/EEE102Project/SimonSaysV8/UserInputStage.vhd" 2015/12/20.21:22:18 M.81d
EN work/UserInputStage 1450642569 \
      FL "C:/Users/Emre Erdemoglu/Desktop/EEE102Project/SimonSaysV8/UserInputStage.vhd" \
      PB ieee/std_logic_1164 1290154108 PB ieee/NUMERIC_STD 1290154109 \
      PB ieee/std_logic_arith 1290154109 PB ieee/STD_LOGIC_UNSIGNED 1290154110
AR work/UserInputStage/Behavioral 1450642570 \
      FL "C:/Users/Emre Erdemoglu/Desktop/EEE102Project/SimonSaysV8/UserInputStage.vhd" \
      EN work/UserInputStage 1450642569 CP UserButtonInterface \
      CP UserSequenceCombiner CP Comparator
FL "C:/Users/Emre Erdemoglu/Desktop/EEE102Project/SimonSaysV8/UserSequenceCombiner.vhd" 2015/12/20.20:46:40 M.81d
EN work/UserSequenceCombiner 1450642561 \
      FL "C:/Users/Emre Erdemoglu/Desktop/EEE102Project/SimonSaysV8/UserSequenceCombiner.vhd" \
      PB ieee/std_logic_1164 1290154108 PB ieee/NUMERIC_STD 1290154109
AR work/UserSequenceCombiner/Behavioral 1450642562 \
      FL "C:/Users/Emre Erdemoglu/Desktop/EEE102Project/SimonSaysV8/UserSequenceCombiner.vhd" \
      EN work/UserSequenceCombiner 1450642561 CP buttonInterfaceClock
FL "C:/Users/Emre Erdemoglu/Desktop/EEE102Project/SimonSaysV8/VGADriver.vhd" 2015/12/20.18:33:17 M.81d
EN work/VGA_Driver 1450642573 \
      FL "C:/Users/Emre Erdemoglu/Desktop/EEE102Project/SimonSaysV8/VGADriver.vhd" \
      PB ieee/std_logic_1164 1290154108 PB ieee/std_logic_arith 1290154109 \
      PB ieee/STD_LOGIC_UNSIGNED 1290154110 PB ieee/NUMERIC_STD 1290154109
AR work/VGA_Driver/Behavioral 1450642574 \
      FL "C:/Users/Emre Erdemoglu/Desktop/EEE102Project/SimonSaysV8/VGADriver.vhd" \
      EN work/VGA_Driver 1450642573
